// Jest Snapshot v1, https://goo.gl/fbAQLP

exports[`WeatherCard component... should match snapshot 1`] = `
<div>
  <div
    class="cardUpperPortion"
    style="background-image: url(example.com/testimage.jpg);"
  >
    <div
      class="cardInfo"
    >
      <div
        class="cardTemperature"
      >
        10
      </div>
      <div
        class="currentCondition"
      >
        rain
      </div>
    </div>
    <h2
      class="cityNameTitle"
    >
      Somewhere
    </h2>
  </div>
</div>
`;
